17:24:05 **** Incremental Build of configuration Debug for project LAB2 ****
make -j8 all 
arm-none-eabi-gcc "../Core/Src/main.c" -mcpu=cortex-m3 -std=gnu11 -g3 -DDEBUG -DUSE_HAL_DRIVER -DSTM32F100xB -c -I../Core/Inc -I../Drivers/STM32F1xx_HAL_Driver/Inc -I../Drivers/STM32F1xx_HAL_Driver/Inc/Legacy -I../Drivers/CMSIS/Device/ST/STM32F1xx/Include -I../Drivers/CMSIS/Include -O0 -ffunction-sections -fdata-sections -Wall -fstack-usage -MMD -MP -MF"Core/Src/main.d" -MT"Core/Src/main.o" --specs=nano.specs -mfloat-abi=soft -mthumb -o "Core/Src/main.o"
../Core/Src/main.c: In function 'main':
../Core/Src/main.c:85:7: warning: implicit declaration of function 'updateClockBuffer' [-Wimplicit-function-declaration]
   85 |       updateClockBuffer(hour, minute);  // Update the LED buffer with the new time
      |       ^~~~~~~~~~~~~~~~~
../Core/Src/main.c:114:8: warning: implicit declaration of function 'update7SEG' [-Wimplicit-function-declaration]
  114 |        update7SEG(index_led);
      |        ^~~~~~~~~~
../Core/Src/main.c:78:8: warning: unused variable 'led_buffer' [-Wunused-variable]
   78 |    int led_buffer[4] = {0};
      |        ^~~~~~~~~~
../Core/Src/main.c: At top level:
../Core/Src/main.c:265:6: warning: conflicting types for 'updateClockBuffer'
  265 | void updateClockBuffer(int hour, int minute) {
      |      ^~~~~~~~~~~~~~~~~
../Core/Src/main.c:85:7: note: previous implicit declaration of 'updateClockBuffer' was here
   85 |       updateClockBuffer(hour, minute);  // Update the LED buffer with the new time
      |       ^~~~~~~~~~~~~~~~~
../Core/Src/main.c:309:8: warning: conflicting types for 'update7SEG'
  309 |   void update7SEG(int index){
      |        ^~~~~~~~~~
../Core/Src/main.c:114:8: note: previous implicit declaration of 'update7SEG' was here
  114 |        update7SEG(index_led);
      |        ^~~~~~~~~~
arm-none-eabi-gcc -o "LAB2.elf" @"objects.list"   -mcpu=cortex-m3 -T"D:\downloads\STM32CubeIDE_1.7.0\lab2\LAB2\STM32F100C6TX_FLASH.ld" --specs=nosys.specs -Wl,-Map="LAB2.map" -Wl,--gc-sections -static --specs=nano.specs -mfloat-abi=soft -mthumb -Wl,--start-group -lc -lm -Wl,--end-group
Finished building target: LAB2.elf
 
arm-none-eabi-size   LAB2.elf 
arm-none-eabi-objdump -h -S  LAB2.elf  > "LAB2.list"
arm-none-eabi-objcopy  -O ihex  LAB2.elf  "LAB2.hex"
   text	   data	    bss	    dec	    hex	filename
   8112	     24	   1688	   9824	   2660	LAB2.elf
arm-none-eabi-objcopy  -O binary  LAB2.elf  "LAB2.bin"
Finished building: default.size.stdout
 
Finished building: LAB2.hex
Finished building: LAB2.bin
 
Finished building: LAB2.list
 
 
